
> library@0.1.0 build
> react-scripts build

Creating an optimized production build...
Compiled successfully.

File sizes after gzip:

  129.04 kB  build/static/js/main.04059673.js
  53.16 kB   build/static/css/main.0a36c4b2.css

The project was built assuming it is hosted at /library/.
You can control this with the homepage field in your package.json.

The build folder is ready to be deployed.

Find out more about deployment here:

  https://cra.link/deployment

